


78K0R Linker W1.80                            Date: 8 Feb 2020 Page:   1

Command:   -yC:\Program Files (x86)\Renesas Electronics\CS+\CACX\Device_
           Custom\Devicefile -_msgoff -oDefaultBuild\Blinking LED.lmf -g
           i00000000000000000000h -go84h,1FE00h,512 -gb6E7BF8H -mi0 -s -
           pDefaultBuild\Blinking LED.map C:\Program Files (x86)\Renesas
            Electronics\CS+\CACX\CA78K0R\V1.72\lib78k0r\s0rll.rel Defaul
           tBuild\main.rel DefaultBuild\timer.rel DefaultBuild\serial.re
           l DefaultBuild\SPISOF.rel DefaultBuild\si4463.rel -bcl78m -bc
           l78mf -iC:\Program Files (x86)\Renesas Electronics\CS+\CACX\C
           A78K0R\V1.72\lib78k0r
Para-file:
Out-file:  DefaultBuild\Blinking LED.lmf
Map-file:  DefaultBuild\Blinking LED.map
Direc-file:
Directive:


*** Link information ***

    32 output segment(s)
  A98H byte(s) real data
   745 symbol(s) defined


*** Memory map ***


  SPACE=REGULAR

  MEMORY=ROM
  BASE ADDRESS=00000H   SIZE=10000H
         OUTPUT   INPUT    INPUT      BASE      SIZE
         SEGMENT  SEGMENT  MODULE     ADDRESS
         @@VECT00                     00000H    00002H  CSEG AT
                  @@VECT00 @cstart    00000H    00002H
         @@CNSTL                      00002H    00000H  CSEG PAGE64KP
                  @@CNSTL  @cstart    00002H    00000H
         @@CNSTL                      00002H    00000H  CSEG PAGE64KP
                  @@CNSTL  main       00002H    00000H
         @@CNSTL                      00002H    00000H  CSEG PAGE64KP
                  @@CNSTL  timer      00002H    00000H
         @@CNSTL                      00002H    00000H  CSEG PAGE64KP
                  @@CNSTL  serial     00002H    00000H
         @@CNSTL                      00002H    00000H  CSEG PAGE64KP
                  @@CNSTL  SPISOF     00002H    00000H
         @@CNSTL                      00002H    00000H  CSEG PAGE64KP
                  @@CNSTL  si4463     00002H    00000H
         @@RLINIT                     00002H    00000H  CSEG UNIT64KP
                  @@RLINIT @cstart    00002H    00000H
                  @@RLINIT main       00002H    00000H
                  @@RLINIT timer      00002H    00000H
                  @@RLINIT serial     00002H    00000H
                  @@RLINIT SPISOF     00002H    00000H
                  @@RLINIT si4463     00002H    00000H
                  @@RLINIT @rom       00002H    00000H
         @@R_INIS                     00002H    00000H  CSEG UNIT64KP
                  @@R_INIS @cstart    00002H    00000H
                  @@R_INIS main       00002H    00000H
                  @@R_INIS timer      00002H    00000H
                  @@R_INIS serial     00002H    00000H
                  @@R_INIS SPISOF     00002H    00000H
                  @@R_INIS si4463     00002H    00000H
                  @@R_INIS @rom       00002H    00000H
         @@CALT                       00002H    00000H  CSEG
                  @@CALT   @cstart    00002H    00000H
                  @@CALT   main       00002H    00000H
                  @@CALT   timer      00002H    00000H
                  @@CALT   serial     00002H    00000H
                  @@CALT   SPISOF     00002H    00000H
                  @@CALT   si4463     00002H    00000H
         ??NMIROM                     00002H    00002H  CSEG
* gap *                               00004H    00010H
         @@VECT14                     00014H    00004H  CSEG AT
                  @@VECT14 serial     00014H    00004H
* gap *                               00018H    00014H
         @@VECT2C                     0002CH    00008H  CSEG AT
                  @@VECT2C timer      0002CH    00008H
         @@R_INIT                     00034H    0001EH  CSEG UNIT64KP
                  @@R_INIT @cstart    00034H    00000H
                  @@R_INIT main       00034H    0000CH
                  @@R_INIT timer      00040H    00004H
                  @@R_INIT serial     00044H    0000AH
                  @@R_INIT SPISOF     0004EH    00004H
                  @@R_INIT si4463     00052H    00000H
                  @@R_INIT @rom       00052H    00000H
* gap *                               00052H    0006EH
         ?CSEGOB0                     000C0H    00004H  CSEG OPT_BYTE
         @@CODE                       000C4H    00000H  CSEG BASE
                  @@CODE   main       000C4H    00000H
                  @@CODE   timer      000C4H    00000H
                  @@CODE   serial     000C4H    00000H
                  @@CODE   SPISOF     000C4H    00000H
                  @@CODE   si4463     000C4H    00000H
         ?CSEGSI                      000C4H    0000AH  CSEG
         ?OCDSTAD                     000CEH    0000AH  CSEG
         @@LCODE                      000D8H    000BFH  CSEG BASE
                  @@LCODE  @cstart    000D8H    000ADH
                  @@LCODE  @lsub      00185H    00012H
         @@BASE                       00197H    000E8H  CSEG BASE
                  @@BASE   main       00197H    00000H
                  @@BASE   timer      00197H    0003BH
                  @@BASE   serial     001D2H    000ADH
                  @@BASE   SPISOF     0027FH    00000H
                  @@BASE   si4463     0027FH    00000H
         @@CODEL                      0027FH    006C7H  CSEG
                  @@CODEL  main       0027FH    000ABH
                  @@CODEL  timer      0032AH    00068H
                  @@CODEL  serial     00392H    00146H
                  @@CODEL  SPISOF     004D8H    00151H
                  @@CODEL  si4463     00629H    0031DH
         @@LCODEL                     00946H    0007AH  CSEG
                  @@LCODEL @stkinit   00946H    00044H
                  @@LCODEL exit       0098AH    0001CH
                  @@LCODEL memcpy_n   009A6H    0001AH
* gap *                               009C0H    02640H
         @@CNST                       03000H    0016AH  CSEG MIRRORP
                  @@CNST   @cstart    03000H    00000H
                  @@CNST   main       03000H    00000H
                  @@CNST   timer      03000H    00000H
                  @@CNST   serial     03000H    00000H
                  @@CNST   SPISOF     03000H    00000H
                  @@CNST   si4463     03000H    0016AH
* gap *                               0316AH    0CE96H

  MEMORY=RAM
  BASE ADDRESS=FDF00H   SIZE=02100H
         OUTPUT   INPUT    INPUT      BASE      SIZE
         SEGMENT  SEGMENT  MODULE     ADDRESS
         @@DATA                       FDF00H    001D8H  DSEG BASEP
                  @@DATA   @cstart    FDF00H    000BAH
                  @@DATA   main       FDFBAH    00014H
                  @@DATA   timer      FDFCEH    00000H
                  @@DATA   serial     FDFCEH    0010AH
                  @@DATA   SPISOF     FE0D8H    00000H
                  @@DATA   si4463     FE0D8H    00000H
                  @@DATA   @rom       FE0D8H    00000H
         @@INIT                       FE0D8H    0001EH  DSEG BASEP
                  @@INIT   @cstart    FE0D8H    00000H
                  @@INIT   main       FE0D8H    0000CH
                  @@INIT   timer      FE0E4H    00004H
                  @@INIT   serial     FE0E8H    0000AH
                  @@INIT   SPISOF     FE0F2H    00004H
                  @@INIT   si4463     FE0F6H    00000H
                  @@INIT   @rom       FE0F6H    00000H
         @@INIS                       FE0F6H    00000H  DSEG UNITP
                  @@INIS   @cstart    FE0F6H    00000H
                  @@INIS   main       FE0F6H    00000H
                  @@INIS   timer      FE0F6H    00000H
                  @@INIS   serial     FE0F6H    00000H
                  @@INIS   SPISOF     FE0F6H    00000H
                  @@INIS   si4463     FE0F6H    00000H
                  @@INIS   @rom       FE0F6H    00000H
         @@DATS                       FE0F6H    00000H  DSEG UNITP
                  @@DATS   @cstart    FE0F6H    00000H
                  @@DATS   main       FE0F6H    00000H
                  @@DATS   timer      FE0F6H    00000H
                  @@DATS   serial     FE0F6H    00000H
                  @@DATS   SPISOF     FE0F6H    00000H
                  @@DATS   si4463     FE0F6H    00000H
                  @@DATS   @rom       FE0F6H    00000H
         @@INITL                      FE0F6H    00000H  DSEG UNIT64KP
                  @@INITL  @cstart    FE0F6H    00000H
                  @@INITL  main       FE0F6H    00000H
                  @@INITL  timer      FE0F6H    00000H
                  @@INITL  serial     FE0F6H    00000H
                  @@INITL  SPISOF     FE0F6H    00000H
                  @@INITL  si4463     FE0F6H    00000H
                  @@INITL  @rom       FE0F6H    00000H
         @@DATAL                      FE0F6H    00000H  DSEG UNIT64KP
                  @@DATAL  @cstart    FE0F6H    00000H
                  @@DATAL  main       FE0F6H    00000H
                  @@DATAL  timer      FE0F6H    00000H
                  @@DATAL  serial     FE0F6H    00000H
                  @@DATAL  SPISOF     FE0F6H    00000H
                  @@DATAL  si4463     FE0F6H    00000H
                  @@DATAL  @rom       FE0F6H    00000H
         @@BITS                       FE0F6H    00000H  BSEG
                  @@BITS   @cstart    FE0F6H.0  00000H.0
                  @@BITS   main       FE0F6H.0  00000H.0
                  @@BITS   timer      FE0F6H.0  00000H.0
                  @@BITS   serial     FE0F6H.0  00000H.0
                  @@BITS   SPISOF     FE0F6H.0  00000H.0
                  @@BITS   si4463     FE0F6H.0  00000H.0
* gap *                               FE0F6H    01DDEH
         @@SEGREG                     FFED4H    00004H  DSEG AT
                  @@SEGREG @SEGREG    FFED4H    00004H
         @@RTARG0                     FFED8H    00008H  DSEG AT
                  @@RTARG0 @RTARG0    FFED8H    00008H
* gap *                               FFEE0H    00020H
* gap (Not Free Area) *               FFF00H    00100H


 Target chip : R7F0C014B
 Device file : E1.00f
